Status: 200
Response: {"clauses":[{"clause_id":"1","clause_text_excerpt":"The Contractor shall indemnify the Company against any and all claims without limitation of liability.","risk_signal":{"label":"Uncapped Indemnity","severity":"critical","confidence":0.95,"jurisdiction_assumptions":["Indian Law"],"context_dependence":"High"},"plain_english_interpretation":{"summary":"The Contractor (you) have to cover ALL costs if the Company gets sued, no matter how high. There's NO LIMIT to what you might have to pay.","why_it_matters":["You could be financially ruined if something goes wrong.","Even small mistakes could lead to huge bills."],"interpretation_limits":"This applies to any kind of claim, big or small."},"why_lexi_flagged_this":{"matched_patterns":["Logistics Indemnity Risk #6","Logistics Indemnity Risk #26","Logistics Indemnity Risk #46","Logistics Indemnity Risk #66","Logistics Indemnity Risk #86","Logistics Indemnity Risk #106","Logistics Indemnity Risk #126","Logistics Indemnity Risk #146","Logistics Indemnity Risk #166","Logistics Indemnity Risk #186"],"pattern_source":"Market Standard","similarity_score":0.98},"indian_law_compliance":{"applicable_laws":["Indian Contract Act, 1872 Section 124","Indian Contract Act, 1872 Section 73"],"compliance_status":"potentially_non_compliant","specific_concerns":["Unlimited indemnity may be challenged as an unreasonable penalty under Section 74 if it's disproportionate to the actual loss.","Potentially violates Section 23 if the underlying claims are based on illegal activities."],"penalties_risk":"The court might reduce the indemnity amount if it's deemed excessive. The contract could be void if it involves illegal activities.","jurisdiction_notes":"Courts in India are hesitant to enforce indemnity clauses that are overly broad or unfair."},"market_practice_insight":{"common_in":["Construction contracts","Service agreements"],"less_common_in":[],"typical_variations":["Cap on indemnity amount (e.g., limited to insurance coverage)","Indemnity only for specific types of claims (e.g., negligence)","Exclusion of consequential damages"]},"discussion_talking_points":{"purpose":"Discussion points for clarification","points":["Can we put a limit on how much I have to pay?","Can we specify what types of claims I'm responsible for?","What insurance coverage does the Company have?"]},"example_alternative_language":{"label":"Suggested Alternative","text":"The Contractor shall indemnify the Company against any and all claims arising directly from the Contractor's negligence, up to a maximum liability of [Amount] or the limit of the Contractor's insurance coverage, whichever is greater.","usage_note":"Suggest this to limit your financial risk."},"next_steps_guidance":{"self_review":["Review surrounding clauses for context."],"professional_review_suggested":true}},{"clause_id":"2","clause_text_excerpt":"The recipient shall keep all information confidential forever.","risk_signal":{"label":"Unlimited Confidentiality","severity":"medium","confidence":0.85,"jurisdiction_assumptions":["Indian Law"],"context_dependence":"Medium"},"plain_english_interpretation":{"summary":"You have to keep the information secret FOREVER. This is a really long time, and it might be hard to do.","why_it_matters":["Technology changes, and information might become public anyway.","It's hard to remember what's confidential after many years."],"interpretation_limits":"Applies to all information, no matter how trivial."},"why_lexi_flagged_this":{"matched_patterns":["Energy Data Privacy Risk #7","Energy Data Privacy Risk #27","Energy Data Privacy Risk #47","Energy Data Privacy Risk #67","Energy Data Privacy Risk #87","Energy Data Privacy Risk #107","Energy Data Privacy Risk #127","Energy Data Privacy Risk #147","Energy Data Privacy Risk #167","Energy Data Privacy Risk #187"],"pattern_source":"Market Standard","similarity_score":0.9},"indian_law_compliance":{"applicable_laws":["Indian Contract Act, 1872 Section 27","Information Technology Act, 2000 Section 43A","Digital Personal Data Protection Act, 2023 (DPDP)"],"compliance_status":"potentially_non_compliant","specific_concerns":["Perpetual confidentiality might be seen as an unreasonable restraint of trade under Section 27 if it prevents you from using your general knowledge/skills.","If the information includes sensitive personal data, indefinite retention violates DPDP principles of data minimization and storage limitation.","IT Act Section 43A requires reasonable security practices; 'forever' is hard to secure."],"penalties_risk":"The court might not enforce the confidentiality clause if it's too broad. Violating DPDP can lead to penalties up to Rs 250 crore.","jurisdiction_notes":"Indian courts balance confidentiality with the right to earn a livelihood."},"market_practice_insight":{"common_in":["Technology contracts","Employment agreements"],"less_common_in":[],"typical_variations":["Confidentiality lasts for a specific period (e.g., 5 years)","Exceptions for information that becomes publicly available","Exceptions for disclosures required by law"]},"discussion_talking_points":{"purpose":"Discussion points for clarification","points":["Can we limit the confidentiality period to a reasonable time?","What happens if the information becomes public knowledge?","What if I'm legally required to disclose the information?"]},"example_alternative_language":{"label":"Suggested Alternative","text":"The recipient shall keep all information confidential for a period of 5 years from the date of disclosure, except for information that becomes publicly available through no fault of the recipient.","usage_note":"Suggest this to make the confidentiality more reasonable."},"next_steps_guidance":{"self_review":["Review surrounding clauses for context."],"professional_review_suggested":true}}],"legal_compliance_summary":{"overall_compliance":"needs_review","applicable_central_laws":["Indian Contract Act, 1872","Information Technology Act, 2000","Digital Personal Data Protection Act, 2023 (DPDP)"],"applicable_state_laws":[],"applicable_local_laws":[],"key_compliance_issues":[{"law":"Indian Contract Act, 1872","issue":"Unlimited indemnity and perpetual confidentiality may be considered unreasonable restraints.","section":"Section 27, Section 74","risk_level":"high","recommendation":"Limit the scope and duration of these clauses."},{"law":"Digital Personal Data Protection Act, 2023 (DPDP)","issue":"Perpetual confidentiality violates data minimization and storage limitation principles if personal data is involved.","section":"Various","risk_level":"medium","recommendation":"Implement data retention policies and ensure compliance with DPDP."}],"mandatory_requirements_check":{"stamp_duty":"Not applicable for this type of agreement.","registration":"Not applicable for this type of agreement.","statutory_benefits":"Not applicable for this type of agreement.","data_protection":"Ensure compliance with DPDP if personal data is processed.","consumer_protection":"Review required"}},"summary":{"parties":["Contractor","Company"],"type":"Service Agreement","industry":"General","duration":"Unspecified","value":"Unspecified","jurisdiction":"India","overallSummary":"This is a simple contract where you (the Contractor) agree to protect the Company from claims and keep their information secret. However, the terms are VERY broad and could put you at significant financial risk.","keyTerms":["Indemnity","Confidentiality"],"mainObligations":["Indemnify the Company against all claims","Keep all information confidential forever"],"indian_law_alert":"The unlimited indemnity and perpetual confidentiality clauses may not be fully enforceable under Indian law and could violate DPDP if personal data is involved. Get these clauses reviewed!"},"analysis_metadata":{"analysis_date":"2026-01-10T14:48:24.250Z","disclaimer":"This is not legal advice - think of it as a helpful friend pointing out things you might want to look at. For important contracts, always have a real lawyer review them.","model_version":"lexi-v3-indian-law-compliance","laws_checked":50,"patterns_checked":200}}
